--------------------------------------------------------------------------------
Release 14.2 Trace  (nt64)
Copyright (c) 1995-2012 Xilinx, Inc.  All rights reserved.

F:\Windows\ISE\14.2\ISE_DS\ISE\bin\nt64\unwrapped\trce.exe -intstyle ise -v 3
-s 5 -n 3 -fastpaths -xml Chronometer.twx Chronometer.ncd -o Chronometer.twr
Chronometer.pcf -ucf Chronometer.ucf

Design file:              Chronometer.ncd
Physical constraint file: Chronometer.pcf
Device,package,speed:     xc3s500e,fg320,-5 (PRODUCTION 1.27 2012-07-09)
Report level:             verbose report

Environment Variable      Effect 
--------------------      ------ 
NONE                      No environment variables were set
--------------------------------------------------------------------------------

INFO:Timing:2698 - No timing constraints found, doing default enumeration.
INFO:Timing:3412 - To improve timing, see the Timing Closure User Guide (UG612).
INFO:Timing:2752 - To get complete path coverage, use the unconstrained paths 
   option. All paths that are not constrained will be reported in the 
   unconstrained paths section(s) of the report.
INFO:Timing:3339 - The clock-to-out numbers in this timing report are based on 
   a 50 Ohm transmission line loading model.  For the details of this model, 
   and for more information on accounting for different loading conditions, 
   please see the device datasheet.
INFO:Timing:3390 - This architecture does not support a default System Jitter 
   value, please add SYSTEM_JITTER constraint to the UCF to modify the Clock 
   Uncertainty calculation.
INFO:Timing:3389 - This architecture does not support 'Discrete Jitter' and 
   'Phase Error' calculations, these terms will be zero in the Clock 
   Uncertainty calculation.  Please make appropriate modification to 
   SYSTEM_JITTER to account for the unsupported Discrete Jitter and Phase 
   Error.



Data Sheet report:
-----------------
All values displayed in nanoseconds (ns)

Setup/Hold to clock clk_c
------------+------------+------------+------------------+--------+
            |Max Setup to|Max Hold to |                  | Clock  |
Source      | clk (edge) | clk (edge) |Internal Clock(s) | Phase  |
------------+------------+------------+------------------+--------+
reset_c     |    2.524(R)|    0.659(R)|clk_c_BUFGP       |   0.000|
------------+------------+------------+------------------+--------+

Clock clk_c to Pad
------------+------------+------------------+--------+
            | clk (edge) |                  | Clock  |
Destination |   to PAD   |Internal Clock(s) | Phase  |
------------+------------+------------------+--------+
dataout_c<1>|    5.600(R)|clk_c_BUFGP       |   0.000|
dataout_c<2>|    5.614(R)|clk_c_BUFGP       |   0.000|
dataout_c<3>|    5.618(R)|clk_c_BUFGP       |   0.000|
dataout_c<4>|    5.626(R)|clk_c_BUFGP       |   0.000|
dataout_c<5>|    5.626(R)|clk_c_BUFGP       |   0.000|
dataout_c<6>|    5.620(R)|clk_c_BUFGP       |   0.000|
dataout_c<7>|    5.607(R)|clk_c_BUFGP       |   0.000|
------------+------------+------------------+--------+

Clock to Setup on destination clock clk_c
---------------+---------+---------+---------+---------+
               | Src:Rise| Src:Fall| Src:Rise| Src:Fall|
Source Clock   |Dest:Rise|Dest:Rise|Dest:Fall|Dest:Fall|
---------------+---------+---------+---------+---------+
clk_c          |    4.605|         |         |         |
---------------+---------+---------+---------+---------+


Analysis completed Tue Nov 20 17:38:26 2012 
--------------------------------------------------------------------------------

Trace Settings:
-------------------------
Trace Settings 

Peak Memory Usage: 163 MB



