EN cyclicalcounter NULL F:/Documentos/Electronica/DigiClock/CyclicalCounter.vhd sub00/vhpl08 1353451078
EN div50mto1 NULL F:/Documentos/Electronica/DigiClock/Div50Mto1.vhd sub00/vhpl00 1353451070
EN div50mto700 NULL F:/Documentos/Electronica/DigiClock/Div50Mto700.vhd sub00/vhpl14 1353451068
AR cyclicalcounter behavioral F:/Documentos/Electronica/DigiClock/CyclicalCounter.vhd sub00/vhpl09 1353451079
AR chronometer1 arch_crh F:/Documentos/Electronica/DigiClock/Chronometer1.vhd sub00/vhpl17 1353083702
EN chronometer1 NULL F:/Documentos/Electronica/DigiClock/Chronometer1.vhd sub00/vhpl16 1353083701
AR test1 behavioral F:/Documentos/Electronica/DigiClock/test1.vhd sub00/vhpl21 1353448732
EN test1 NULL F:/Documentos/Electronica/DigiClock/test1.vhd sub00/vhpl20 1353448731
AR chronometer arch_crh F:/Documentos/Electronica/DigiClock/Chronometer.vhd sub00/vhpl13 1353451083
EN mux4to1 NULL F:/Documentos/Electronica/DigiClock/mux4to1.vhd sub00/vhpl04 1353451074
AR div50mto1 arch F:/Documentos/Electronica/DigiClock/Div50Mto1.vhd sub00/vhpl01 1353451071
EN decoder2to4 NULL F:/Documentos/Electronica/DigiClock/Decoder2to4.vhd sub00/vhpl06 1353451080
EN chronometer NULL F:/Documentos/Electronica/DigiClock/Chronometer.vhd sub00/vhpl12 1353451082
EN cont59x2 NULL F:/Documentos/Electronica/DigiClock/cont59x2.vhd sub00/vhpl02 1353083780
AR div50mto700 arch F:/Documentos/Electronica/DigiClock/Div50Mto700.vhd sub00/vhpl15 1353451069
AR decoder2to4 behavioral F:/Documentos/Electronica/DigiClock/Decoder2to4.vhd sub00/vhpl07 1353451081
EN bcd NULL F:/Documentos/Electronica/DigiClock/bcd.vhd sub00/vhpl10 1353451076
AR cont59x2 contarch F:/Documentos/Electronica/DigiClock/cont59x2.vhd sub00/vhpl03 1353083781
AR mux4to1 behavioral F:/Documentos/Electronica/DigiClock/mux4to1.vhd sub00/vhpl05 1353451075
AR bcd arch_bcd F:/Documentos/Electronica/DigiClock/bcd.vhd sub00/vhpl11 1353451077
AR cont contarch F:/Documentos/Electronica/DigiClock/cont.vhd sub00/vhpl19 1353451073
EN cont NULL F:/Documentos/Electronica/DigiClock/cont.vhd sub00/vhpl18 1353451072
