EN cyclicalcounter NULL /home/pin3da/Repos/Chronometer/CyclicalCounter.vhd sub00/vhpl08 1353073130
EN div50mto1 NULL /home/pin3da/Repos/Chronometer/Div50Mto1.vhd sub00/vhpl00 1353073120
EN div50mto700 NULL /home/pin3da/Repos/Chronometer/Div50Mto700.vhd sub00/vhpl14 1353073128
AR cyclicalcounter behavioral /home/pin3da/Repos/Chronometer/CyclicalCounter.vhd sub00/vhpl09 1353073131
AR chronometer arch_crh /home/pin3da/Repos/Chronometer/Chronometer.vhd sub00/vhpl13 1353073135
EN mux4to1 NULL /home/pin3da/Repos/Chronometer/mux4to1.vhd sub00/vhpl04 1353073124
AR div50mto1 arch /home/pin3da/Repos/Chronometer/Div50Mto1.vhd sub00/vhpl01 1353073121
EN decoder2to4 NULL /home/pin3da/Repos/Chronometer/Decoder2to4.vhd sub00/vhpl06 1353073132
EN chronometer NULL /home/pin3da/Repos/Chronometer/Chronometer.vhd sub00/vhpl12 1353073134
EN cont59x2 NULL /home/pin3da/Repos/Chronometer/cont59x2.vhd sub00/vhpl02 1353073122
AR div50mto700 arch /home/pin3da/Repos/Chronometer/Div50Mto700.vhd sub00/vhpl15 1353073129
AR decoder2to4 behavioral /home/pin3da/Repos/Chronometer/Decoder2to4.vhd sub00/vhpl07 1353073133
EN bcd NULL /home/pin3da/Repos/Chronometer/bcd.vhd sub00/vhpl10 1353073126
AR cont59x2 contarch /home/pin3da/Repos/Chronometer/cont59x2.vhd sub00/vhpl03 1353073123
AR mux4to1 behavioral /home/pin3da/Repos/Chronometer/mux4to1.vhd sub00/vhpl05 1353073125
AR bcd arch_bcd /home/pin3da/Repos/Chronometer/bcd.vhd sub00/vhpl11 1353073127
