V3 51
FL /home/pin3da/Repos/Chronometer/bcd.vhd 2012/11/16.07:58:35 P.28xd
FL /home/pin3da/Repos/Chronometer/Chronometer.vhd 2012/11/16.08:29:19 P.28xd
FL /home/pin3da/Repos/Chronometer/cont59x2.vhd 2012/11/14.22:32:08 P.28xd
FL /home/pin3da/Repos/Chronometer/CyclicalCounter.vhd 2012/11/16.08:31:40 P.28xd
FL /home/pin3da/Repos/Chronometer/Decoder2to4.vhd 2012/11/14.22:32:08 P.28xd
FL /home/pin3da/Repos/Chronometer/Div50Mto1.vhd 2012/11/14.23:03:03 P.28xd
FL /home/pin3da/Repos/Chronometer/Div50Mto700.vhd 2012/11/16.08:27:16 P.28xd
FL /home/pin3da/Repos/Chronometer/mux4to1.vhd 2012/11/14.22:32:08 P.28xd
FL F:/Documentos/Electronica/contadores/cont59x2.vhd 2012/11/13.16:44:34 P.28xd
FL F:/Documentos/Electronica/DigiClock/bcd.vhd 2012/11/20.17:24:31 P.28xd
EN work/bcd 1353451076 FL F:/Documentos/Electronica/DigiClock/bcd.vhd \
      PB ieee/std_logic_1164 1341906176
AR work/bcd/arch_bcd 1353451077 \
      FL F:/Documentos/Electronica/DigiClock/bcd.vhd EN work/bcd 1353451076
FL F:/Documentos/Electronica/DigiClock/Chronometer.vhd 2012/11/20.16:41:16 P.28xd
EN work/Chronometer 1353451082 \
      FL F:/Documentos/Electronica/DigiClock/Chronometer.vhd \
      PB ieee/std_logic_1164 1341906176
AR work/Chronometer/arch_crh 1353451083 \
      FL F:/Documentos/Electronica/DigiClock/Chronometer.vhd EN work/Chronometer 1353451082 \
      CP Div50Mto700 CP Div50Mto1 CP cont CP mux4to1 CP bcd CP CyclicalCounter \
      CP Decoder2to4
FL F:/Documentos/Electronica/DigiClock/Chronometer1.vhd 2012/11/16.11:34:28 P.28xd
EN work/Chronometer1 1353083701 \
      FL F:/Documentos/Electronica/DigiClock/Chronometer1.vhd \
      PB ieee/std_logic_1164 1341906176
AR work/Chronometer1/arch_crh 1353083702 \
      FL F:/Documentos/Electronica/DigiClock/Chronometer1.vhd \
      EN work/Chronometer1 1353083701 CP Div50Mto700 CP Div50Mto1 CP cont59x2 \
      CP mux4to1 CP bcd CP CyclicalCounter CP Decoder2to4
FL F:/Documentos/Electronica/DigiClock/cont.vhd 2012/11/20.16:41:09 P.28xd
EN work/cont 1353451072 FL F:/Documentos/Electronica/DigiClock/cont.vhd \
      PB ieee/std_logic_1164 1341906176 PB ieee/NUMERIC_STD 1341906182 \
      PB ieee/STD_LOGIC_UNSIGNED 1341906179
AR work/cont/contArch 1353451073 \
      FL F:/Documentos/Electronica/DigiClock/cont.vhd EN work/cont 1353451072
FL F:/Documentos/Electronica/DigiClock/cont59x2.vhd 2012/11/13.16:44:34 P.28xd
EN work/cont59x2 1353083780 FL F:/Documentos/Electronica/DigiClock/cont59x2.vhd \
      PB ieee/std_logic_1164 1341906176 PB ieee/NUMERIC_STD 1341906182 \
      PB ieee/STD_LOGIC_UNSIGNED 1341906179
AR work/cont59x2/contArch 1353083781 \
      FL F:/Documentos/Electronica/DigiClock/cont59x2.vhd EN work/cont59x2 1353083780
FL F:/Documentos/Electronica/DigiClock/CyclicalCounter.vhd 2012/11/16.11:34:28 P.28xd
EN work/CyclicalCounter 1353451078 \
      FL F:/Documentos/Electronica/DigiClock/CyclicalCounter.vhd \
      PB ieee/std_logic_1164 1341906176
AR work/CyclicalCounter/Behavioral 1353451079 \
      FL F:/Documentos/Electronica/DigiClock/CyclicalCounter.vhd \
      EN work/CyclicalCounter 1353451078
FL F:/Documentos/Electronica/DigiClock/Decoder2to4.vhd 2012/11/13.17:14:13 P.28xd
EN work/Decoder2to4 1353451080 \
      FL F:/Documentos/Electronica/DigiClock/Decoder2to4.vhd \
      PB ieee/std_logic_1164 1341906176
AR work/Decoder2to4/Behavioral 1353451081 \
      FL F:/Documentos/Electronica/DigiClock/Decoder2to4.vhd EN work/Decoder2to4 1353451080
FL F:/Documentos/Electronica/DigiClock/Div50Mto1.vhd 2012/11/13.16:35:13 P.28xd
EN work/Div50Mto1 1353451070 FL F:/Documentos/Electronica/DigiClock/Div50Mto1.vhd \
      PB ieee/std_logic_1164 1341906176
AR work/Div50Mto1/arch 1353451071 \
      FL F:/Documentos/Electronica/DigiClock/Div50Mto1.vhd EN work/Div50Mto1 1353451070
FL F:/Documentos/Electronica/DigiClock/Div50Mto700.vhd 2012/11/20.17:37:39 P.28xd
EN work/Div50Mto700 1353451068 \
      FL F:/Documentos/Electronica/DigiClock/Div50Mto700.vhd \
      PB ieee/std_logic_1164 1341906176
AR work/Div50Mto700/arch 1353451069 \
      FL F:/Documentos/Electronica/DigiClock/Div50Mto700.vhd EN work/Div50Mto700 1353451068
FL F:/Documentos/Electronica/DigiClock/mux4to1.vhd 2012/11/13.16:54:14 P.28xd
EN work/mux4to1 1353451074 FL F:/Documentos/Electronica/DigiClock/mux4to1.vhd \
      PB ieee/std_logic_1164 1341906176
AR work/mux4to1/Behavioral 1353451075 \
      FL F:/Documentos/Electronica/DigiClock/mux4to1.vhd EN work/mux4to1 1353451074
FL F:/Documentos/Electronica/DigiClock/test1.vhd 2012/11/20.16:58:41 P.28xd
EN work/test1 1353448731 FL F:/Documentos/Electronica/DigiClock/test1.vhd \
      PB ieee/std_logic_1164 1341906176
AR work/test1/Behavioral 1353448732 \
      FL F:/Documentos/Electronica/DigiClock/test1.vhd EN work/test1 1353448731 \
      CP Div50Mto700 CP cont
FL F:/Documentos/Electronica/MultipleDivider/Div50Mto1.vhd 2012/11/13.16:35:13 P.28xd
